[weboas.is/index.html]
[backblue.gif]
[fade.gif]
[index.html]
[weboas.is/css/style.min.css]
[icanhazip.com/index.html]
[weboas.is/css/perfect-scrollbar.min.css]
[weboas.is/css/index_search_button.min.css]
[weboas.is/css/custom-items-menu.min.css]
[weboas.is/alerts/toastify.min.css]
[weboas.is/favicon.ico]
[weboas.is/favicon/apple-touch-icon-57x57.png]
[weboas.is/favicon/apple-touch-icon-114x114.png]
[weboas.is/favicon/apple-touch-icon-72x72.png]
[weboas.is/favicon/apple-touch-icon-144x144.png]
[weboas.is/favicon/apple-touch-icon-60x60.png]
[weboas.is/favicon/apple-touch-icon-120x120.png]
[weboas.is/favicon/apple-touch-icon-76x76.png]
[weboas.is/favicon/apple-touch-icon-152x152.png]
[weboas.is/favicon/favicon-196x196.png]
[weboas.is/favicon/favicon-96x96.png]
[weboas.is/favicon/favicon-32x32.png]
[weboas.is/favicon/favicon-16x16.png]
[weboas.is/favicon/favicon-128.png]
[weboas.is/favicon/mstile-144x144.png]
[weboas.is/favicon/mstile-70x70.png]
[weboas.is/favicon/mstile-150x150.png]
[weboas.is/favicon/mstile-310x150.png]
[weboas.is/favicon/mstile-310x310.png]
[weboas.is/js/jquery-3.6.0.min.js]
[weboas.is/js/script.min.js]
[weboas.is/js/perfect-scrollbar.min.js]
[weboas.is/js/platform.min.js]
[weboas.is/js/custom-items-menu.min.js]
[weboas.is/js/custom.min.js]
[weboas.is/js/sortable.min.js]
[weboas.is/js/jscolor.min.js]
[weboas.is/js/canvas/matrix.min.js]
[weboas.is/js/def-settings-reloader.min.js]
[weboas.is/js/index_search_button.min.js]
[weboas.is/js/searchlinks.min.js]
[weboas.is/js/index_search_links.min.js]
[weboas.is/js/keyscroll.min.js]
[weboas.is/js/suggestions.min.js]
[weboas.is/alerts/toastify.min.js]
[weboas.is/media/logo.svg]
[weboas.is/index.html]
[weboas.is/news/index.html]
[weboas.is/tech/index.html]
[weboas.is/twitter/index.html]
[weboas.is/crypto/index.html]
[weboas.is/stocks/index.html]
[weboas.is/convert/index.html]
[weboas.is/weather/index.html]
[weboas.is/media/chat.svg]
[weboas.is/css/style.min.css]
[weboas.is/css/perfect-scrollbar.min.css]
[weboas.is/editors/index.html]
[weboas.is/magnet/index.html]
[weboas.is/css/index_search_button.min.css]
[weboas.is/stream/index.html]
[streamwat.ch/radio/index.html]
[weboas.is/css/custom-items-menu.min.css]
[weboas.is/arcade/index.html]
[chatte.rs/index.html]
[weboas.is/alerts/toastify.min.css]
[streamwat.ch/index.html]
[weboas.is/upload/index.html]
[weboas.is/ipfs/index.html]
[weboas.is/forum/index.html]
[weboas.is/todo/index.html]
[weboas.is/faq/index.html]
[weboas.is/text/index.html]
[weboas.is/news/favicon.ico]
[weboas.is/qr/index.html]
[weboas.is/news/logo192.png]
[weboas.is/news/manifest.json]
[weboas.is/news/static/css/bootstrap.min.css]
[weboas.is/news/static/css/main.858b4f31.chunk.css]
[weboas.is/news/index.html]
[weboas.is/news/static/js/main.js]
[weboas.is/tech/favicon.ico]
[weboas.is/tech/logo192.png]
[weboas.is/news/static/js/2.171185e7.chunk.js]
[weboas.is/tech/manifest.json]
[weboas.is/tech/static/css/bootstrap.min.css]
[weboas.is/tech/static/css/main.858b4f31.chunk.css]
[weboas.is/tech/index.html]
[weboas.is/tech/static/js/main.js]
[weboas.is/twitter/favicon.ico]
[weboas.is/twitter/logo192.png]
[weboas.is/tech/static/js/2.9b203266.chunk.js]
[weboas.is/twitter/manifest.json]
[weboas.is/twitter/static/css/bootstrap.min.css]
[weboas.is/twitter/static/css/main.858b4f31.chunk.css]
[weboas.is/twitter/index.html]
[weboas.is/twitter/static/js/main.js]
[weboas.is/crypto/style.min.css]
[weboas.is/crypto/index.html]
[weboas.is/crypto/x4-crypto-tables.min.js]
[weboas.is/twitter/static/js/2.9b203266.chunk.js]
[weboas.is/stocks/assets/vendor/font-awesome/css/font-awesome.min.css]
[weboas.is/stocks/assets/vendor/remodal/remodal.css]
[weboas.is/stocks/assets/vendor/remodal/remodal-default-theme.css]
[weboas.is/stocks/assets/vendor/jquery.js]
[weboas.is/stocks/assets/vendor/remodal/remodal.js]
[weboas.is/stocks/assets/js/modal.min.js]
[weboas.is/stocks/assets/vendor/date.js]
[weboas.is/stocks/assets/vendor/chart.js/Chart.min.js]
[weboas.is/stocks/assets/vendor/datatables/DataTables-1.10.12/css/dataTables.foundation.css]
[weboas.is/stocks/assets/vendor/datatables/FixedColumns-3.2.2/css/fixedColumns.foundation.css]
[weboas.is/stocks/assets/vendor/datatables/FixedHeader-3.1.2/css/fixedHeader.foundation.css]
[weboas.is/stocks/assets/vendor/datatables/KeyTable-2.1.3/css/keyTable.foundation.css]
[weboas.is/stocks/assets/vendor/datatables/Responsive-2.1.0/css/responsive.foundation.css]
[weboas.is/stocks/assets/vendor/datatables/Select-1.2.0/css/select.foundation.css]
[weboas.is/stocks/assets/vendor/datatables/DataTables-1.10.12/js/dataTables.foundation.js]
[weboas.is/stocks/assets/vendor/datatables/DataTables-1.10.12/js/jquery.dataTables.js]
[weboas.is/stocks/assets/vendor/datatables/FixedColumns-3.2.2/js/dataTables.fixedColumns.js]
[weboas.is/stocks/assets/vendor/datatables/FixedHeader-3.1.2/js/dataTables.fixedHeader.js]
[weboas.is/stocks/assets/vendor/datatables/KeyTable-2.1.3/js/dataTables.keyTable.js]
[weboas.is/stocks/assets/vendor/datatables/Responsive-2.1.0/js/dataTables.responsive.js]
[weboas.is/stocks/assets/vendor/datatables/Select-1.2.0/js/dataTables.select.js]
[weboas.is/stocks/assets/vendor/swal/sweetalert2.min.css]
[weboas.is/stocks/assets/vendor/swal/sweetalert2.min.js]
[weboas.is/stocks/assets/js/script.min.js]
[weboas.is/stocks/assets/vendor/jquery-ui/jquery-ui.css]
[weboas.is/stocks/assets/vendor/jquery-ui/jquery-ui.structure.css]
[weboas.is/stocks/assets/vendor/jquery-ui/jquery-ui.theme.css]
[weboas.is/stocks/assets/vendor/jquery-ui/jquery.ui.touch-punch.js]
[weboas.is/stocks/assets/vendor/jquery-ui/jquery-ui.js]
[weboas.is/stocks/assets/vendor/chosen/chosen.min.css]
[weboas.is/stocks/assets/vendor/chosen/chosen.jquery.min.js]
[weboas.is/stocks/assets/css/style.css]
[weboas.is/stocks/index.html]
[weboas.is/stocks/assets/css/style-theme-dark.css]
[weboas.is/convert/media/logo.svg]
[weboas.is/convert/media/crypto.jpg]
[weboas.is/convert/media/currency2.jpg]
[weboas.is/convert/currency/index.html]
[weboas.is/convert/media/unit.jpg]
[weboas.is/convert/unit/index.html]
[weboas.is/convert/media/unit2.jpg]
[weboas.is/convert/index.html]
[weboas.is/convert/unit2/index.html]
[weboas.is/weather/favicon.ico]
[weboas.is/weather/css/font-awesome.min.css]
[weboas.is/weather/css/bootstrap.min.css]
[weboas.is/weather/css/weather.min.css]
[weboas.is/weather/css/animation.min.css]
[weboas.is/weather/js/jquery.min.js]
[weboas.is/weather/js/bootstrap.min.js]
[weboas.is/weather/js/classie.min.js]
[weboas.is/weather/js/velocity.min.js]
[weboas.is/weather/js/skycons.min.js]
[weboas.is/weather/index.html]
[weboas.is/weather/js/geoloWeather.min.js]
[g0.si/index.html]
[weboas.is/editors/media/logo.svg]
[weboas.is/editors/editor/index.html]
[weboas.is/editors/media/webeditor.jpg]
[weboas.is/editors/media/minipaint.jpg]
[weboas.is/editors/media/photopea.jpg]
[weboas.is/editors/media/sumo.jpg]
[weboas.is/editors/media/jspaint.jpg]
[weboas.is/editors/media/fp.jpg]
[weboas.is/editors/media/pixelcraft.jpg]
[weboas.is/editors/media/imgonline.jpg]
[weboas.is/editors/media/excalidraw.jpg]
[weboas.is/editors/media/autodraw.jpg]
[weboas.is/editors/media/removal.jpg]
[weboas.is/editors/media/bgremove.jpg]
[weboas.is/editors/media/unscreen.jpg]
[weboas.is/editors/media/enlarge.jpg]
[weboas.is/editors/media/waifu2x.jpg]
[weboas.is/editors/media/waifu2x2.jpg]
[weboas.is/editors/media/squash.jpg]
[weboas.is/editors/media/webp.jpg]
[weboas.is/editors/media/cyborg.jpg]
[weboas.is/editors/media/scrub.jpg]
[weboas.is/editors/media/imgcloak.jpg]
[weboas.is/editors/media/imgops.jpg]
[weboas.is/editors/media/bulkexif.jpg]
[weboas.is/editors/media/forensics.jpg]
[weboas.is/editors/media/artbreeder.jpg]
[weboas.is/editors/media/dreamscope.jpg]
[weboas.is/editors/media/photomosh.jpg]
[weboas.is/editors/media/videotang.jpg]
[weboas.is/editors/index.html]
[weboas.is/magnet/favicon.ico]
[weboas.is/magnet/logo192.png]
[weboas.is/magnet/logo512.png]
[weboas.is/magnet/manifest.json]
[weboas.is/magnet/static/css/bootstrap.min.css]
[weboas.is/magnet/static/css/main.0a55525f.chunk.css]
[weboas.is/magnet/index.html]
[weboas.is/magnet/static/js/main.js]
[weboas.is/magnet/static/js/2.cb8da0a6.chunk.js]
[weboas.is/stream/main.min.js]
[weboas.is/stream/hls.min.js]
[weboas.is/stream/simple.min.css]
[weboas.is/stream/index.html]
[weboas.is/stream/logo.svg]
[weboas.is/arcade/media/arcade.svg]
[weboas.is/arcade/media/csonline.jpg]
[weboas.is/arcade/media/krunker.jpg]
[weboas.is/arcade/media/venge.jpg]
[weboas.is/arcade/media/1v1.jpg]
[weboas.is/arcade/media/mpdoom.jpg]
[weboas.is/arcade/media/beans.jpg]
[weboas.is/arcade/media/tetrio.jpg]
[weboas.is/arcade/media/agario.jpg]
[weboas.is/arcade/media/aquapark.jpg]
[weboas.is/arcade/media/mcx.jpg]
[weboas.is/arcade/media/openttd.jpg]
[weboas.is/arcade/3dcity/index.html]
[weboas.is/arcade/media/3dcity.jpg]
[weboas.is/arcade/media/cube2.jpg]
[weboas.is/arcade/media/chess.jpg]
[weboas.is/arcade/chess/index.html]
[weboas.is/arcade/minigolf/index.html]
[weboas.is/arcade/media/golf.jpg]
[weboas.is/arcade/pinball/index.html]
[weboas.is/arcade/media/pinball.jpg]
[weboas.is/arcade/racing/index.html]
[weboas.is/arcade/media/racing.jpg]
[weboas.is/arcade/slots/index.html]
[weboas.is/arcade/media/slots.jpg]
[weboas.is/arcade/media/blackjack.jpg]
[weboas.is/arcade/sorcerer/index.html]
[weboas.is/arcade/media/sorcerer.jpg]
[weboas.is/arcade/media/zombie.jpg]
[weboas.is/arcade/zombie/index.html]
[weboas.is/arcade/media/zombie2.jpg]
[weboas.is/arcade/zombie2/index.html]
[weboas.is/arcade/media/playingcards.jpg]
[weboas.is/arcade/media/slither.jpg]
[weboas.is/arcade/media/armor.jpg]
[weboas.is/arcade/media/kong.jpg]
[weboas.is/arcade/media/ng.jpg]
[weboas.is/arcade/media/survivio.jpg]
[weboas.is/arcade/media/drone.jpg]
[weboas.is/arcade/media/gats.jpg]
[weboas.is/arcade/media/iogames.jpg]
[weboas.is/arcade/media/free.jpg]
[weboas.is/arcade/media/lord.jpg]
[weboas.is/arcade/media/drake.jpg]
[weboas.is/arcade/media/torn.jpg]
[weboas.is/arcade/media/cmg.jpg]
[weboas.is/arcade/media/slay.jpg]
[weboas.is/arcade/media/bg.jpg]
[weboas.is/arcade/media/wings.jpg]
[weboas.is/arcade/media/ag.jpg]
[weboas.is/arcade/media/feud.jpg]
[weboas.is/arcade/media/playclassic.jpg]
[weboas.is/arcade/media/cool.jpg]
[weboas.is/arcade/media/regex.jpg]
[weboas.is/arcade/media/nandgame.jpg]
[weboas.is/arcade/media/sudoku.jpg]
[weboas.is/arcade/media/thecube.jpg]
[weboas.is/arcade/media/jelly.jpg]
[weboas.is/arcade/media/narwhale.jpg]
[weboas.is/arcade/media/googulator.jpg]
[weboas.is/arcade/media/doszone.jpg]
[weboas.is/arcade/media/retro.jpg]
[weboas.is/arcade/media/vaporboy.jpg]
[weboas.is/arcade/media/fp.jpg]
[weboas.is/arcade/media/flash.jpg]
[weboas.is/arcade/media/diep.jpg]
[weboas.is/arcade/media/twelve.jpg]
[weboas.is/arcade/media/cah.jpg]
[weboas.is/arcade/media/manor.jpg]
[weboas.is/arcade/media/florr.jpg]
[weboas.is/arcade/media/flap.jpg]
[weboas.is/arcade/media/msftfs.jpg]
[weboas.is/arcade/media/openarena.jpg]
[weboas.is/arcade/media/snesemu.jpg]
[weboas.is/arcade/media/myemu.jpg]
[weboas.is/arcade/media/emuonline.jpg]
[weboas.is/arcade/media/emugo.jpg]
[weboas.is/arcade/media/retrogames.jpg]
[weboas.is/arcade/media/asteroids.jpg]
[weboas.is/arcade/media/mario64.jpg]
[weboas.is/arcade/media/sfa.jpg]
[weboas.is/arcade/media/unreal.jpg]
[weboas.is/arcade/media/doom3.jpg]
[weboas.is/arcade/media/webquake3.jpg]
[weboas.is/arcade/media/webdoom.jpg]
[weboas.is/arcade/media/xcom.jpg]
[weboas.is/arcade/media/wolfenstein.jpg]
[weboas.is/arcade/media/tombraider.jpg]
[weboas.is/arcade/media/banana.jpg]
[weboas.is/arcade/media/dune2.jpg]
[weboas.is/arcade/media/ski.jpg]
[weboas.is/arcade/media/xash.jpg]
[weboas.is/arcade/media/caesar.jpg]
[weboas.is/arcade/media/diablo.jpg]
[weboas.is/arcade/media/darkreign.jpg]
[weboas.is/arcade/media/cc2.jpg]
[weboas.is/arcade/media/panzer.jpg]
[weboas.is/arcade/media/shapez.jpg]
[weboas.is/arcade/media/skribbl.jpg]
[weboas.is/arcade/media/roll20.jpg]
[weboas.is/arcade/media/ps1fun.jpg]
[weboas.is/arcade/media/gamulator.jpg]
[weboas.is/arcade/media/prehacks.jpg]
[weboas.is/arcade/media/g7r.jpg]
[weboas.is/arcade/media/dungion.jpg]
[weboas.is/arcade/media/bgo.jpg]
[weboas.is/arcade/media/vim.jpg]
[weboas.is/arcade/media/gitgames.jpg]
[weboas.is/arcade/media/osgc.jpg]
[weboas.is/arcade/media/abandonware.jpg]
[weboas.is/arcade/media/0ad.jpg]
[weboas.is/arcade/media/cube.jpg]
[weboas.is/arcade/media/xon.jpg]
[weboas.is/arcade/media/re.jpg]
[weboas.is/arcade/media/warsow.jpg]
[weboas.is/arcade/media/css.jpg]
[weboas.is/arcade/media/cs.jpg]
[weboas.is/arcade/media/mine.jpg]
[weboas.is/arcade/media/slippi.jpg]
[weboas.is/arcade/index.html]
[ufile.io/assets/js/widget.js]
[ufile.io/assets/css/widget.css]
[weboas.is/upload/fonts/roboto-v20-latin-regular.eot]
[weboas.is/upload/fonts/roboto-v20-latin-regulard41d.eot]
[weboas.is/upload/fonts/roboto-v20-latin-regular.woff2]
[weboas.is/upload/fonts/roboto-v20-latin-regular.woff]
[weboas.is/upload/fonts/roboto-v20-latin-regular.ttf]
[weboas.is/upload/fonts/roboto-v20-latin-regular.svg]
[weboas.is/upload/index.html]
[weboas.is/upload/logo.svg]
[weboas.is/ipfs/favicon.ico]
[weboas.is/ipfs/logo192.png]
[weboas.is/ipfs/static/css/bootstrap.min.css]
[weboas.is/ipfs/static/css/2.8b7ab077.chunk.css]
[weboas.is/ipfs/static/css/main.c8a570d2.chunk.css]
[weboas.is/ipfs/index.html]
[streamwat.ch/radio/bg.min.css]
[weboas.is/ipfs/static/js/main.5ef5ccc6.chunk.js]
[streamwat.ch/radio/style.min.css]
[streamwat.ch/radio/logo.svg]
[streamwat.ch/radio/index.html]
[streamwat.ch/radio/jquery.audioplayer.min.js]
[streamwat.ch/radio/jquery.min.js]
[weboas.is/ipfs/static/js/2.c2898a91.chunk.js]
[weboas.is/forum/themes/webOasis/css/indexb352.css]
[weboas.is/forum/themes/webOasis/css/icons_svgb352.css]
[weboas.is/forum/themes/webOasis/css/font-awesome.minb352.css]
[weboas.is/forum/themes/webOasis/css/_dark/index_darkb352.css]
[weboas.is/forum/themes/webOasis/css/prettifyb352.css]
[weboas.is/forum/index-2.html]
[weboas.is/forum/themes/webOasis/images/mobile.png]
[weboas.is/forum/index8639.html]
[weboas.is/forum/indexa562.html]
[weboas.is/forum/themes/default/scripts/jquery-3.6.0.min.js]
[weboas.is/forum/themes/default/scripts/elk_jquery_pluginsb352.js]
[weboas.is/forum/themes/webOasis/scripts/scriptb352.js]
[weboas.is/forum/themes/default/scripts/script_elkb352.js]
[weboas.is/forum/themes/webOasis/scripts/themeb352.js]
[weboas.is/forum/themes/webOasis]
[weboas.is/forum/themes/default]
[weboas.is/forum/themes/webOasis/images.12e.delayed]
[weboas.is/forum/smileys.12f.delayed]
[weboas.is/media/forumlogo.png]
[weboas.is/forum/index178d.html]
[weboas.is/forum/index121a.html]
[weboas.is/forum/indexc5c3.html]
[weboas.is/forum/index27a3.php]
[weboas.is/forum/index27a3.php]
[weboas.is/forum/index007d.html]
[weboas.is/forum/index4945.html]
[weboas.is/forum/indexa727.html]
[weboas.is/forum/indexab19.html]
[weboas.is/forum/indexbb7b.html]
[weboas.is/forum/index37f5.html]
[weboas.is/forum/indexf7c3.html]
[weboas.is/forum/index0056.html]
[weboas.is/forum/index6bfd.html]
[weboas.is/forum/indexd955.html]
[weboas.is/forum/indexc74b.html]
[weboas.is/forum/indexaccc.html]
[weboas.is/forum/index5649.html]
[weboas.is/forum/index1fd9.html]
[weboas.is/forum/index57d8.html]
[weboas.is/forum/index3d96.html]
[weboas.is/forum/index5309.html]
[weboas.is/forum/indexa571.html]
[weboas.is/forum/index7443.html]
[weboas.is/forum/indexce50.html]
[weboas.is/forum/indexddc5.html]
[weboas.is/forum/index5b9e.html]
[weboas.is/forum/index0e74.html]
[weboas.is/forum/index0045.html]
[weboas.is/forum/index62dc.html]
[weboas.is/forum/indexf85f.html]
[weboas.is/forum/index1678.html]
[weboas.is/forum/index69b6.html]
[weboas.is/forum/indexc1bc.html]
[weboas.is/forum/index32e6.html]
[weboas.is/forum/themes/webOasis/images/default_avatar.png]
[weboas.is/forum/indexe837.html]
[weboas.is/forum/indexa37c.html]
[weboas.is/forum/index9f38.html]
[weboas.is/forum/indexb77d.html]
[weboas.is/forum/indexdbf5.html]
[weboas.is/forum/index9049.html]
[weboas.is/forum/index6a5a.html]
[weboas.is/forum/indexd5b3.html]
[weboas.is/forum/indexfcf2.html]
[weboas.is/forum/indexfe61.html]
[weboas.is/forum/index7e1e.html]
[weboas.is/forum/indexfd5c.html]
[weboas.is/forum/indexb2ab.html]
[weboas.is/forum/index7afd.html]
[weboas.is/forum/indexfc9b.html]
[weboas.is/forum/indexdf3a.html]
[weboas.is/forum/indexe4b0.html]
[weboas.is/forum/index2cd9.html]
[weboas.is/forum/index62e7.html]
[weboas.is/forum/indexfff1.html]
[weboas.is/forum/indexc053.html]
[weboas.is/forum/indexcfb1.html]
[weboas.is/forum/index43b7.html]
[weboas.is/forum/index8b68.html]
[weboas.is/forum/indexc145.html]
[weboas.is/forum/index9eb3.html]
[weboas.is/forum/index9719.html]
[weboas.is/forum/index5032.html]
[weboas.is/forum/index1538.html]
[weboas.is/forum/index1b35.html]
[weboas.is/forum/index772f.html]
[weboas.is/forum/index2f76.html]
[weboas.is/forum/indexf36d.html]
[weboas.is/forum/themes/default/scripts/sha256b352.js]
[weboas.is/forum/themes/default/scripts/elk_jquery_embedb352.js]
[weboas.is/forum/index.html]
[weboas.is/forum/themes/default/scripts/prettify.minb352.js]
[chatte.rs/index.html]
[streamwat.ch/media/logo.svg]
[streamwat.ch/media/abcn.jpg]
[streamwat.ch/abcnews/index.html]
[streamwat.ch/media/adult-swim.jpg]
[streamwat.ch/adultsw1m/index.html]
[streamwat.ch/media/aj.jpg]
[streamwat.ch/aj/index.html]
[streamwat.ch/bbc/index.html]
[streamwat.ch/media/bbcnews.jpg]
[streamwat.ch/media/bloomberg.jpg]
[streamwat.ch/bloomberg/index.html]
[streamwat.ch/media/bravo.jpg]
[streamwat.ch/bravo/index.html]
[streamwat.ch/media/cbc.jpg]
[streamwat.ch/cbc/index.html]
[streamwat.ch/media/cbsn.jpg]
[streamwat.ch/cbsn/index.html]
[streamwat.ch/media/cgtn.jpg]
[streamwat.ch/cgtn/index.html]
[streamwat.ch/media/cheddar.jpg]
[streamwat.ch/cheddar/index.html]
[streamwat.ch/media/cnbceu.jpg]
[streamwat.ch/cnbceu/index.html]
[streamwat.ch/media/cnn.jpg]
[streamwat.ch/cnn/index.html]
[streamwat.ch/media/cspan.jpg]
[streamwat.ch/cspan/index.html]
[streamwat.ch/media/cspan2.jpg]
[streamwat.ch/cspan2/index.html]
[streamwat.ch/media/disc.jpg]
[streamwat.ch/disc/index.html]
[streamwat.ch/media/docurama.jpg]
[streamwat.ch/docurama/index.html]
[streamwat.ch/media/edge.jpg]
[streamwat.ch/edge/index.html]
[streamwat.ch/espn/index.html]
[streamwat.ch/media/espn.jpg]
[streamwat.ch/media/espn2.jpg]
[streamwat.ch/espn2/index.html]
[streamwat.ch/media/et.jpg]
[streamwat.ch/et/index.html]
[streamwat.ch/media/foxmain.jpg]
[streamwat.ch/foxmain/index.html]
[streamwat.ch/fox]
[streamwat.ch/media/fox.jpg]
[streamwat.ch/fox/index.html]
[streamwat.ch/media/fnr.jpg]
[streamwat.ch/fnr/index.html]
[streamwat.ch/media/france24.jpg]
[streamwat.ch/france24/index.html]
[streamwat.ch/media/fs1.jpg]
[streamwat.ch/fs1/index.html]
[streamwat.ch/media/fx.jpg]
[streamwat.ch/fx/index.html]
[streamwat.ch/g0lf/index.html]
[streamwat.ch/media/golf.jpg]
[streamwat.ch/media/hbo.jpg]
[streamwat.ch/hbo/index.html]
[streamwat.ch/media/hbosig.jpg]
[streamwat.ch/hbosig/index.html]
[streamwat.ch/media/infowars.jpg]
[streamwat.ch/infowars/index.html]
[streamwat.ch/media/law.jpg]
[streamwat.ch/law/index.html]
[streamwat.ch/media/mlb.jpg]
[streamwat.ch/mlb/index.html]
[streamwat.ch/msnbc]
[streamwat.ch/msnbc/index.html]
[streamwat.ch/media/msnbc.jpg]
[streamwat.ch/media/mtv.jpg]
[streamwat.ch/mtv/index.html]
[streamwat.ch/media/m2o.jpg]
[streamwat.ch/m2o/index.html]
[streamwat.ch/media/natgeowild.jpg]
[streamwat.ch/natgeowild/index.html]
[streamwat.ch/media/nba.jpg]
[streamwat.ch/nba/index.html]
[streamwat.ch/media/nbc.jpg]
[streamwat.ch/nbcmain/index.html]
[streamwat.ch/media/newsmax.jpg]
[streamwat.ch/newsmax/index.html]
[streamwat.ch/media/newsnet.jpg]
[streamwat.ch/newsnet/index.html]
[streamwat.ch/media/outdoor.jpg]
[streamwat.ch/outdoor/index.html]
[streamwat.ch/media/pbs.jpg]
[streamwat.ch/media/pbskids.jpg]
[streamwat.ch/pbs/index.html]
[streamwat.ch/pbskids/index.html]
[streamwat.ch/media/radio.jpg]
[streamwat.ch/media/redbull.jpg]
[streamwat.ch/media/ram.jpg]
[streamwat.ch/media/rt.jpg]
[streamwat.ch/redbull/index.html]
[streamwat.ch/ram/index.html]
[streamwat.ch/rt/index.html]
[streamwat.ch/media/sky.jpg]
[streamwat.ch/sky/index.html]
[streamwat.ch/media/stadium.jpg]
[streamwat.ch/stadium/index.html]
[streamwat.ch/media/syfy.jpg]
[streamwat.ch/syfy/index.html]
[streamwat.ch/media/tbs.jpg]
[streamwat.ch/tbs/index.html]
[streamwat.ch/media/tnt.jpg]
[streamwat.ch/tnt/index.html]
[streamwat.ch/media/twit.jpg]
[streamwat.ch/twit/index.html]
[streamwat.ch/voa/index.html]
[streamwat.ch/media/voa.jpg]
[streamwat.ch/media/custom.jpg]
[streamwat.ch/index.html]
[streamwat.ch/custom/index.html]
[weboas.is/todo/styles/base.css]
[weboas.is/todo/styles/app-button.css]
[weboas.is/todo/styles/app-collapsible.css]
[weboas.is/todo/styles/app-footer.css]
[weboas.is/todo/styles/app-header.css]
[weboas.is/todo/styles/app-icon.css]
[weboas.is/todo/styles/todo-custom-list.css]
[weboas.is/todo/styles/todo-day.css]
[weboas.is/todo/styles/todo-frame.css]
[weboas.is/todo/styles/todo-item-input.css]
[weboas.is/todo/styles/todo-item.css]
[weboas.is/todo/styles/links.css]
[polyfill.io/v3/polyfill.mine2d7.js]
[weboas.is/todo/scripts/AppCollapsible.min.js]
[weboas.is/todo/scripts/AppDraggable.min.js]
[weboas.is/todo/scripts/AppFlip.min.js]
[weboas.is/todo/scripts/AppFps.min.js]
[weboas.is/todo/scripts/AppIcon.min.js]
[weboas.is/todo/scripts/AppSortable.min.js]
[weboas.is/todo/scripts/TodoApp.min.js]
[weboas.is/todo/scripts/TodoCustomList.min.js]
[weboas.is/todo/scripts/TodoDay.min.js]
[weboas.is/todo/scripts/TodoFrameCustom.min.js]
[weboas.is/todo/scripts/TodoFrameDays.min.js]
[weboas.is/todo/scripts/TodoItemInput.min.js]
[weboas.is/todo/scripts/TodoItem.min.js]
[weboas.is/todo/scripts/TodoList.min.js]
[weboas.is/todo/scripts/TodoStore.min.js]
[weboas.is/todo/index.html]
[weboas.is/todo/scripts/util.min.js]
[weboas.is/text/img/favicon.ico]
[weboas.is/text/css/icons.css]
[weboas.is/text/css/style.css]
[weboas.is/text/js/jquery.js]
[weboas.is/text/fonts/roboto-v20-latin-300.eot]
[weboas.is/text/fonts/roboto-v20-latin-300d41d.eot]
[weboas.is/text/fonts/roboto-v20-latin-300.woff2]
[weboas.is/text/fonts/roboto-v20-latin-300.woff]
[weboas.is/text/fonts/roboto-v20-latin-300.ttf]
[weboas.is/text/fonts/roboto-v20-latin-300.svg]
[weboas.is/text/fonts/roboto-v20-latin-regular.eot]
[weboas.is/text/fonts/roboto-v20-latin-regulard41d.eot]
[weboas.is/text/fonts/roboto-v20-latin-regular.woff2]
[weboas.is/text/fonts/roboto-v20-latin-regular.woff]
[weboas.is/text/fonts/roboto-v20-latin-regular.ttf]
[weboas.is/text/fonts/roboto-v20-latin-regular.svg]
[weboas.is/text/fonts/roboto-v20-latin-500.eot]
[weboas.is/text/fonts/roboto-v20-latin-500d41d.eot]
[weboas.is/text/fonts/roboto-v20-latin-500.woff2]
[weboas.is/text/fonts/roboto-v20-latin-500.woff]
[weboas.is/text/fonts/roboto-v20-latin-500.ttf]
[weboas.is/text/fonts/roboto-v20-latin-500.svg]
[weboas.is/text/index-2.html]
[weboas.is/text/sort-text.html]
[weboas.is/text/img/thumbnails/sort.png]
[weboas.is/text/convert-case.html]
[weboas.is/text/img/thumbnails/convertcase.png]
[weboas.is/text/find-and-replace.html]
[weboas.is/text/img/thumbnails/findreplace.png]
[weboas.is/text/reverse-list.html]
[weboas.is/text/img/thumbnails/reverselist.png]
[weboas.is/text/difference-checker.html]
[weboas.is/text/img/thumbnails/compare.png]
[weboas.is/text/word-count.html]
[weboas.is/text/img/thumbnails/wordcount.png]
[weboas.is/text/add-prefix-suffix.html]
[weboas.is/text/img/thumbnails/prefixsuffix.png]
[weboas.is/text/add-line-breaks.html]
[weboas.is/text/img/thumbnails/linebreaks.png]
[weboas.is/text/remove-line-breaks.html]
[weboas.is/text/img/thumbnails/removelinebreaks.png]
[weboas.is/text/concatenate-text.html]
[weboas.is/text/img/thumbnails/combine.png]
[weboas.is/text/split-text.html]
[weboas.is/text/img/thumbnails/split.png]
[weboas.is/text/extract-column.html]
[weboas.is/text/img/thumbnails/column.png]
[weboas.is/text/swap-columns.html]
[weboas.is/text/img/thumbnails/swap.png]
[weboas.is/text/remove-spaces.html]
[weboas.is/text/img/thumbnails/space.png]
[weboas.is/text/remove-duplicate-lines.html]
[weboas.is/text/img/thumbnails/duplicate.png]
[weboas.is/text/remove-empty-lines.html]
[weboas.is/text/img/thumbnails/emptylines.png]
[weboas.is/text/remove-diacritics.html]
[weboas.is/text/img/thumbnails/accent.png]
[weboas.is/text/remove-unwanted-characters.html]
[weboas.is/text/img/thumbnails/punctuations.png]
[weboas.is/text/strip-html-tags.html]
[weboas.is/text/img/thumbnails/html.png]
[weboas.is/text/add-line-numbers.html]
[weboas.is/text/img/thumbnails/linenumbers.png]
[weboas.is/text/add-commas-to-numbers.html]
[weboas.is/text/img/thumbnails/commafy.png]
[weboas.is/text/replace-smart-straight-quotes.html]
[weboas.is/text/img/thumbnails/quotes.png]
[weboas.is/text/tabs-to-spaces.html]
[weboas.is/text/img/thumbnails/tabs.png]
[weboas.is/text/spaces-to-tabs.html]
[weboas.is/text/img/thumbnails/spacestabs.png]
[weboas.is/text/pad-text.html]
[weboas.is/text/img/thumbnails/pad.png]
[weboas.is/text/word-wrap.html]
[weboas.is/text/img/thumbnails/wrap.png]
[weboas.is/text/justify-text.html]
[weboas.is/text/img/thumbnails/justify.png]
[weboas.is/text/center-text.html]
[weboas.is/text/img/thumbnails/centered.png]
[weboas.is/text/reverse-letters.html]
[weboas.is/text/img/thumbnails/reverse-letters.png]
[weboas.is/text/reverse-words.html]
[weboas.is/text/img/thumbnails/reverse-words.png]
[weboas.is/text/upside-down-text.html]
[weboas.is/text/img/thumbnails/upsidedown.png]
[weboas.is/text/password-generator.html]
[weboas.is/text/img/thumbnails/password.png]
[weboas.is/text/password]
[weboas.is/text/password/index.html]
[weboas.is/text/filler-text.html]
[weboas.is/text/img/thumbnails/filler.png]
[weboas.is/text/notepad]
[weboas.is/text/notepad/index.html]
[weboas.is/text/img/thumbnails/notepad.png]
[weboas.is/text/cleaner]
[weboas.is/text/img/thumbnails/textcleaner.png]
[weboas.is/text/cleaner/index.html]
[weboas.is/text/base64]
[weboas.is/text/base64/index.html]
[weboas.is/text/img/thumbnails/base64.png]
[weboas.is/text/url]
[weboas.is/text/url/index.html]
[weboas.is/text/img/thumbnails/cyberchef.png]
[weboas.is/text/img/thumbnails/spinbot.png]
[weboas.is/text/img/thumbnails/smmry.png]
[weboas.is/text/img/thumbnails/textise.png]
[weboas.is/text/index.html]
[weboas.is/text/js/index.js]
[weboas.is/faq/media/logo.svg]
[weboas.is/faq/oasis/index.html]
[weboas.is/faq/media/webfaq.jpg]
[weboas.is/faq/media/netfaq.jpg]
[weboas.is/faq/index.html]
[weboas.is/faq/net/index.html]
[weboas.is/qr/static/css/bootstrap.min.css]
[weboas.is/qr/static/css/main.86c3c9ab.chunk.css]
[weboas.is/qr/index.html]
[weboas.is/media/logo.svg]
[weboas.is/media/chat.svg]
[weboas.is/news/static/css/bootstrap.min.css]
[weboas.is/news/static/css/main.858b4f31.chunk.css]
[weboas.is/tech/static/css/bootstrap.min.css]
[weboas.is/tech/static/css/main.858b4f31.chunk.css]
[weboas.is/twitter/static/css/bootstrap.min.css]
[weboas.is/twitter/static/css/main.858b4f31.chunk.css]
[weboas.is/crypto/style.min.css]
[weboas.is/qr/static/js/2.9bd0ec18.chunk.js]
[weboas.is/qr/static/js/main.9a8a3344.chunk.js]
[weboas.is/stocks/assets/vendor/font-awesome/fonts/fontawesome-webfont5b62.eot]
[weboas.is/stocks/assets/vendor/font-awesome/fonts/fontawesome-webfontd41d.eot]
[weboas.is/stocks/assets/vendor/font-awesome/fonts/fontawesome-webfont5b62.woff2]
[weboas.is/stocks/assets/vendor/font-awesome/fonts/fontawesome-webfont5b62.woff]
[weboas.is/stocks/assets/vendor/font-awesome/fonts/fontawesome-webfont5b62.ttf]
[weboas.is/stocks/assets/vendor/font-awesome/css/font-awesome.min.css]
[weboas.is/stocks/assets/vendor/remodal/remodal.css]
[weboas.is/stocks/assets/vendor/remodal/remodal-default-theme.css]
[weboas.is/stocks/assets/vendor/datatables/DataTables-1.10.12/images/sort_both.png]
[weboas.is/stocks/assets/vendor/font-awesome/fonts/fontawesome-webfont5b62.svg]
[weboas.is/stocks/assets/vendor/datatables/DataTables-1.10.12/images/sort_asc.png]
[weboas.is/stocks/assets/vendor/datatables/DataTables-1.10.12/images/sort_desc.png]
[weboas.is/stocks/assets/vendor/datatables/DataTables-1.10.12/images/sort_asc_disabled.png]
[weboas.is/stocks/assets/vendor/datatables/DataTables-1.10.12/images/sort_desc_disabled.png]
[weboas.is/stocks/assets/vendor/datatables/DataTables-1.10.12/css/dataTables.foundation.css]
[weboas.is/stocks/assets/vendor/datatables/FixedColumns-3.2.2/css/fixedColumns.foundation.css]
[weboas.is/stocks/assets/vendor/datatables/FixedHeader-3.1.2/css/fixedHeader.foundation.css]
[weboas.is/stocks/assets/vendor/datatables/KeyTable-2.1.3/css/keyTable.foundation.css]
[weboas.is/stocks/assets/vendor/datatables/Responsive-2.1.0/css/responsive.foundation.css]
[weboas.is/stocks/assets/vendor/datatables/Select-1.2.0/css/select.foundation.css]
[weboas.is/stocks/assets/vendor/swal/sweetalert2.min.css]
[weboas.is/stocks/assets/vendor/jquery-ui/images/ui-bg_highlight-soft_75_cccccc_1x100.png]
[weboas.is/stocks/assets/vendor/jquery-ui/images/ui-bg_glass_75_e6e6e6_1x400.png]
[weboas.is/stocks/assets/vendor/jquery-ui/images/ui-bg_glass_75_dadada_1x400.png]
[weboas.is/stocks/assets/vendor/jquery-ui/images/ui-bg_glass_65_ffffff_1x400.png]
[weboas.is/stocks/assets/vendor/jquery-ui/images/ui-bg_glass_55_fbf9ee_1x400.png]
[weboas.is/stocks/assets/vendor/jquery-ui/images/ui-bg_glass_95_fef1ec_1x400.png]
[weboas.is/stocks/assets/vendor/jquery-ui/images/ui-icons_222222_256x240.png]
[weboas.is/stocks/assets/vendor/jquery-ui/images/ui-icons_888888_256x240.png]
[weboas.is/stocks/assets/vendor/jquery-ui/images/ui-icons_454545_256x240.png]
[weboas.is/stocks/assets/vendor/jquery-ui/images/ui-icons_2e83ff_256x240.png]
[weboas.is/stocks/assets/vendor/jquery-ui/images/ui-icons_cd0a0a_256x240.png]
[weboas.is/stocks/assets/vendor/jquery-ui/jquery-ui.css]
[weboas.is/stocks/assets/vendor/jquery-ui/jquery-ui.structure.css]
[weboas.is/stocks/assets/vendor/jquery-ui/jquery-ui.theme.css]
[weboas.is/stocks/assets/vendor/chosen/chosen-sprite.png]
[weboas.is/stocks/assets/vendor/chosen/chosen-sprite@2x.png]
[weboas.is/stocks/assets/vendor/chosen/chosen.min.css]
[weboas.is/stocks/assets/css/style.css]
[weboas.is/stocks/assets/css/style-theme-dark.css]
[weboas.is/convert/media/logo.svg]
[weboas.is/convert/currency/favicon.png]
[weboas.is/convert/currency/assets/css/bootstrap.min.css]
[weboas.is/convert/currency/assets/css/bootstrap-select.min.css]
[weboas.is/convert/currency/assets/css/fontawesome.min.css]
[weboas.is/convert/currency/assets/css/style.css]
[weboas.is/convert/currency/assets/js/jquery.min.js]
[weboas.is/convert/currency/assets/js/popper.min.js]
[weboas.is/convert/currency/assets/js/bootstrap.min.js]
[weboas.is/convert/currency/assets/js/bootstrap-select.min.js]
[weboas.is/convert/currency/assets/js/script.js]
[weboas.is/convert/currency/assets/img/flags/AE.png]
[weboas.is/convert/currency/assets/img/flags/AF.png]
[weboas.is/convert/currency/assets/img/flags/AL.png]
[weboas.is/convert/currency/assets/img/flags/AM.png]
[weboas.is/convert/currency/assets/img/flags/AN.png]
[weboas.is/convert/currency/assets/img/flags/AO.png]
[weboas.is/convert/currency/assets/img/flags/AR.png]
[weboas.is/convert/currency/assets/img/flags/AU.png]
[weboas.is/convert/currency/assets/img/flags/AW.png]
[weboas.is/convert/currency/assets/img/flags/AZ.png]
[weboas.is/convert/currency/assets/img/flags/BA.png]
[weboas.is/convert/currency/assets/img/flags/BB.png]
[weboas.is/convert/currency/assets/img/flags/BD.png]
[weboas.is/convert/currency/assets/img/flags/BG.png]
[weboas.is/convert/currency/assets/img/flags/BH.png]
[weboas.is/convert/currency/assets/img/flags/BI.png]
[weboas.is/convert/currency/assets/img/flags/BM.png]
[weboas.is/convert/currency/assets/img/flags/BN.png]
[weboas.is/convert/currency/assets/img/flags/BO.png]
[weboas.is/convert/currency/assets/img/flags/BR.png]
[weboas.is/convert/currency/assets/img/flags/BS.png]
[weboas.is/convert/currency/assets/img/flags/BTC.png]
[weboas.is/convert/currency/assets/img/flags/BT.png]
[weboas.is/convert/currency/assets/img/flags/BW.png]
[weboas.is/convert/currency/assets/img/flags/BY.png]
[weboas.is/convert/currency/assets/img/flags/BZ.png]
[weboas.is/convert/currency/assets/img/flags/CA.png]
[weboas.is/convert/currency/assets/img/flags/CD.png]
[weboas.is/convert/currency/assets/img/flags/CH.png]
[weboas.is/convert/currency/assets/img/flags/CL.png]
[weboas.is/convert/currency/assets/img/flags/CN.png]
[weboas.is/convert/currency/assets/img/flags/CO.png]
[weboas.is/convert/currency/assets/img/flags/CR.png]
[weboas.is/convert/currency/assets/img/flags/CU.png]
[weboas.is/convert/currency/assets/img/flags/CV.png]
[weboas.is/convert/currency/assets/img/flags/CZ.png]
[weboas.is/convert/currency/assets/img/flags/DJ.png]
[weboas.is/convert/currency/assets/img/flags/DK.png]
[weboas.is/convert/currency/assets/img/flags/DO.png]
[weboas.is/convert/currency/assets/img/flags/DZ.png]
[weboas.is/convert/currency/assets/img/flags/EG.png]
[weboas.is/convert/currency/assets/img/flags/ER.png]
[weboas.is/convert/currency/assets/img/flags/ET.png]
[weboas.is/convert/currency/assets/img/flags/EU.png]
[weboas.is/convert/currency/assets/img/flags/FJ.png]
[weboas.is/convert/currency/assets/img/flags/FK.png]
[weboas.is/convert/currency/assets/img/flags/GB.png]
[weboas.is/convert/currency/assets/img/flags/GE.png]
[weboas.is/convert/currency/assets/img/flags/GG.png]
[weboas.is/convert/currency/assets/img/flags/GH.png]
[weboas.is/convert/currency/assets/img/flags/GI.png]
[weboas.is/convert/currency/assets/img/flags/GM.png]
[weboas.is/convert/currency/assets/img/flags/GN.png]
[weboas.is/convert/currency/assets/img/flags/GT.png]
[weboas.is/convert/currency/assets/img/flags/GY.png]
[weboas.is/convert/currency/assets/img/flags/HK.png]
[weboas.is/convert/currency/assets/img/flags/HN.png]
[weboas.is/convert/currency/assets/img/flags/HR.png]
[weboas.is/convert/currency/assets/img/flags/HT.png]
[weboas.is/convert/currency/assets/img/flags/HU.png]
[weboas.is/convert/currency/assets/img/flags/ID.png]
[weboas.is/convert/currency/assets/img/flags/IL.png]
[weboas.is/convert/currency/assets/img/flags/IN.png]
[weboas.is/convert/currency/assets/img/flags/IQ.png]
[weboas.is/convert/currency/assets/img/flags/IR.png]
[weboas.is/convert/currency/assets/img/flags/IS.png]
[weboas.is/convert/currency/assets/img/flags/JE.png]
[weboas.is/convert/currency/assets/img/flags/JM.png]
[weboas.is/convert/currency/assets/img/flags/JO.png]
[weboas.is/convert/currency/assets/img/flags/JP.png]
[weboas.is/convert/currency/assets/img/flags/KE.png]
[weboas.is/convert/currency/assets/img/flags/KG.png]
[weboas.is/convert/currency/assets/img/flags/KH.png]
[weboas.is/convert/currency/assets/img/flags/KM.png]
[weboas.is/convert/currency/assets/img/flags/KP.png]
[weboas.is/convert/currency/assets/img/flags/KR.png]
[weboas.is/convert/currency/assets/img/flags/KW.png]
[weboas.is/convert/currency/assets/img/flags/KY.png]
[weboas.is/convert/currency/assets/img/flags/KZ.png]
[weboas.is/convert/currency/assets/img/flags/LA.png]
[weboas.is/convert/currency/assets/img/flags/LB.png]
[weboas.is/convert/currency/assets/img/flags/LK.png]
[weboas.is/convert/currency/assets/img/flags/LR.png]
[weboas.is/convert/currency/assets/img/flags/LS.png]
[weboas.is/convert/currency/assets/img/flags/LY.png]
[weboas.is/convert/currency/assets/img/flags/MA.png]
[weboas.is/convert/currency/assets/img/flags/MD.png]
[weboas.is/convert/currency/assets/img/flags/MG.png]
[weboas.is/convert/currency/assets/img/flags/MK.png]
[weboas.is/convert/currency/assets/img/flags/MM.png]
[weboas.is/convert/currency/assets/img/flags/MN.png]
[weboas.is/convert/currency/assets/img/flags/MO.png]
[weboas.is/convert/currency/assets/img/flags/MR.png]
[weboas.is/convert/currency/assets/img/flags/MU.png]
[weboas.is/convert/currency/assets/img/flags/MV.png]
[weboas.is/convert/currency/assets/img/flags/MW.html]
[weboas.is/convert/currency/index.html]
[weboas.is/convert/unit/index.html]
[weboas.is/convert/unit2/index.html]
[weboas.is/weather/css/font-awesome.min.css]
[weboas.is/weather/css/bootstrap.min.css]
[weboas.is/weather/css/weather.min.css]
[weboas.is/weather/css/animation.min.css]
[weboas.is/editors/media/logo.svg]
[weboas.is/editors/editor/index.html]
[weboas.is/editors/media/unscreen.html]
[weboas.is/magnet/static/css/bootstrap.min.css]
[weboas.is/magnet/static/css/main.0a55525f.chunk.css]
[weboas.is/stream/simple.min.css]
[weboas.is/stream/logo.svg]
[weboas.is/arcade/media/arcade.svg]
[weboas.is/arcade/3dcity/index.html]
[weboas.is/arcade/chess/index.html]
[weboas.is/arcade/minigolf/index.html]
[weboas.is/arcade/pinball/index.html]
[weboas.is/arcade/racing/index.html]
[weboas.is/arcade/slots/index.html]
[weboas.is/arcade/sorcerer/index.html]
[weboas.is/arcade/zombie/index.html]
[weboas.is/arcade/zombie2/index.html]
[weboas.is/arcade/media/panzer.html]
[ufile.io/assets/css/widget.css]
[weboas.is/upload/fonts/roboto-v20-latin-regular.svg]
[weboas.is/upload/logo.svg]
[weboas.is/ipfs/static/css/bootstrap.min.css]
[weboas.is/ipfs/static/css/2.8b7ab077.chunk.css]
[weboas.is/ipfs/static/css/main.c8a570d2.chunk.css]
[streamwat.ch/radio/bg.min.css]
[streamwat.ch/radio/style.min.css]
[streamwat.ch/radio/logo.svg]
[weboas.is/forum/themes/webOasis/css/indexb352.css]
[weboas.is/forum/themes/webOasis/css/icons_svgb352.css]
[weboas.is/forum/themes/webOasis/css/font-awesome.minb352.css]
[weboas.is/forum/themes/webOasis/css/_dark/index_darkb352.css]
[weboas.is/forum/themes/webOasis/css/prettifyb352.css]
[weboas.is/forum/index-2.html]
[weboas.is/forum/index8639.html]
[weboas.is/forum/indexa562.html]
[weboas.is/forum/themes/webOasis.html]
[weboas.is/forum/themes/default.html]
[weboas.is/forum/themes/webOasis/images/index.html]
[weboas.is/forum/smileys/index.html]
[weboas.is/forum/index178d.html]
[weboas.is/forum/index121a.html]
[weboas.is/forum/indexc5c3.html]
[weboas.is/forum/index007d.html]
[weboas.is/forum/index4945.html]
[weboas.is/forum/indexa727.html]
[weboas.is/forum/indexab19.html]
[weboas.is/forum/indexbb7b.html]
[weboas.is/forum/index37f5.html]
[weboas.is/forum/indexf7c3.html]
[weboas.is/forum/index0056.html]
[weboas.is/forum/index6bfd.html]
[weboas.is/forum/indexd955.html]
[weboas.is/forum/indexc74b.html]
[weboas.is/forum/indexaccc.html]
[weboas.is/forum/index5649.html]
[weboas.is/forum/index1fd9.html]
[weboas.is/forum/index57d8.html]
[weboas.is/forum/index3d96.html]
[weboas.is/forum/index5309.html]
[weboas.is/forum/indexa571.html]
[weboas.is/forum/index7443.html]
[weboas.is/forum/indexce50.html]
[weboas.is/forum/indexddc5.html]
[weboas.is/forum/index5b9e.html]
[weboas.is/forum/index0e74.html]
[weboas.is/forum/index0045.html]
[weboas.is/forum/index62dc.html]
[weboas.is/forum/indexf85f.html]
[weboas.is/forum/index1678.html]
[weboas.is/forum/index69b6.html]
[weboas.is/forum/indexc1bc.html]
[weboas.is/forum/index32e6.html]
[weboas.is/forum/indexe837.html]
[weboas.is/forum/indexa37c.html]
[weboas.is/forum/index9f38.html]
[weboas.is/forum/indexb77d.html]
[weboas.is/forum/indexdbf5.html]
[weboas.is/forum/index9049.html]
[weboas.is/forum/index6a5a.html]
[weboas.is/forum/indexd5b3.html]
[weboas.is/forum/indexfcf2.html]
[weboas.is/forum/indexfe61.html]
[weboas.is/forum/index7e1e.html]
[weboas.is/forum/indexfd5c.html]
[weboas.is/forum/indexb2ab.html]
[weboas.is/forum/index7afd.html]
[weboas.is/forum/indexfc9b.html]
[weboas.is/forum/indexdf3a.html]
[weboas.is/forum/indexe4b0.html]
[weboas.is/forum/index2cd9.html]
[weboas.is/forum/index62e7.html]
[weboas.is/forum/indexfff1.html]
[weboas.is/forum/indexc053.html]
[weboas.is/forum/indexcfb1.html]
[weboas.is/forum/index43b7.html]
[weboas.is/forum/index8b68.html]
[weboas.is/forum/indexc145.html]
[weboas.is/forum/index9eb3.html]
[weboas.is/forum/index9719.html]
[weboas.is/forum/index5032.html]
[weboas.is/forum/index1538.html]
[weboas.is/forum/index1b35.html]
[weboas.is/forum/index772f.html]
[weboas.is/forum/index2f76.html]
[weboas.is/forum/indexf36d.html]
[streamwat.ch/media/logo.svg]
[streamwat.ch/abcnews/index.html]
[streamwat.ch/adultsw1m/index.html]
[streamwat.ch/aj/index.html]
[streamwat.ch/bbc/index.html]
[streamwat.ch/bloomberg/index.html]
[streamwat.ch/bravo/index.html]
[streamwat.ch/cbc/index.html]
[streamwat.ch/cbsn/index.html]
[streamwat.ch/cgtn/index.html]
[streamwat.ch/cheddar/index.html]
[streamwat.ch/cnbceu/index.html]
[streamwat.ch/cnn/index.html]
[streamwat.ch/cspan/index.html]
[streamwat.ch/cspan2/index.html]
[streamwat.ch/disc/index.html]
[streamwat.ch/docurama/index.html]
[streamwat.ch/edge/index.html]
[streamwat.ch/espn/index.html]
[streamwat.ch/espn2/index.html]
[streamwat.ch/et/index.html]
[streamwat.ch/foxmain/index.html]
[streamwat.ch/fox/index.html]
[streamwat.ch/fnr/index.html]
[streamwat.ch/france24/index.html]
[streamwat.ch/fs1/index.html]
[streamwat.ch/fx/index.html]
[streamwat.ch/g0lf/index.html]
[streamwat.ch/hbo/index.html]
[streamwat.ch/hbosig/index.html]
[streamwat.ch/infowars/index.html]
[streamwat.ch/law/index.html]
[streamwat.ch/mlb/index.html]
[streamwat.ch/msnbc/index.html]
[streamwat.ch/mtv/index.html]
[streamwat.ch/m2o/index.html]
[streamwat.ch/natgeowild/index.html]
[streamwat.ch/nba/index.html]
[streamwat.ch/nbcmain/index.html]
[streamwat.ch/newsmax/index.html]
[streamwat.ch/newsnet/index.html]
[streamwat.ch/outdoor/index.html]
[streamwat.ch/pbs/index.html]
[streamwat.ch/pbskids/index.html]
[streamwat.ch/redbull/index.html]
[streamwat.ch/ram/index.html]
[streamwat.ch/rt/index.html]
[streamwat.ch/sky/index.html]
[streamwat.ch/stadium/index.html]
[streamwat.ch/syfy/index.html]
[streamwat.ch/tbs/index.html]
[streamwat.ch/tnt/index.html]
[streamwat.ch/twit/index.html]
[streamwat.ch/voa/index.html]
[streamwat.ch/custom/index.html]
[weboas.is/todo/styles/base.css]
[weboas.is/todo/styles/app-button.css]
[weboas.is/todo/styles/app-collapsible.css]
[weboas.is/todo/styles/app-footer.css]
[weboas.is/todo/styles/app-header.css]
[weboas.is/todo/styles/app-icon.css]
[weboas.is/todo/styles/todo-custom-list.css]
[weboas.is/todo/styles/todo-day.css]
[weboas.is/todo/styles/todo-frame.css]
[weboas.is/todo/styles/todo-item-input.css]
[weboas.is/todo/styles/todo-item.css]
[weboas.is/todo/styles/links.css]
[weboas.is/text/css/icons.css]
[weboas.is/text/css/style.css]
[weboas.is/text/fonts/roboto-v20-latin-300.svg]
[weboas.is/text/fonts/roboto-v20-latin-regular.svg]
[weboas.is/text/fonts/roboto-v20-latin-500.svg]
[weboas.is/text/index-2.html]
[weboas.is/text/sort-text.html]
[weboas.is/text/convert-case.html]
[weboas.is/text/find-and-replace.html]
[weboas.is/text/reverse-list.html]
[weboas.is/text/difference-checker.html]
[weboas.is/text/word-count.html]
[weboas.is/text/add-prefix-suffix.html]
[weboas.is/text/add-line-breaks.html]
[weboas.is/text/remove-line-breaks.html]
[weboas.is/text/concatenate-text.html]
[weboas.is/text/split-text.html]
[weboas.is/text/extract-column.html]
[weboas.is/text/swap-columns.html]
[weboas.is/text/remove-spaces.html]
[weboas.is/text/remove-duplicate-lines.html]
[weboas.is/text/remove-empty-lines.html]
[weboas.is/text/remove-diacritics.html]
[weboas.is/text/remove-unwanted-characters.html]
[weboas.is/text/strip-html-tags.html]
[weboas.is/text/add-line-numbers.html]
[weboas.is/text/add-commas-to-numbers.html]
[weboas.is/text/replace-smart-straight-quotes.html]
[weboas.is/text/tabs-to-spaces.html]
[weboas.is/text/spaces-to-tabs.html]
[weboas.is/text/pad-text.html]
[weboas.is/text/word-wrap.html]
[weboas.is/text/justify-text.html]
[weboas.is/text/center-text.html]
[weboas.is/text/reverse-letters.html]
[weboas.is/text/reverse-words.html]
[weboas.is/text/upside-down-text.html]
[weboas.is/text/password-generator.html]
[weboas.is/text/password/index.html]
[weboas.is/text/filler-text.html]
[weboas.is/text/notepad/index.html]
[weboas.is/text/cleaner/index.html]
[weboas.is/text/base64/index.html]
[weboas.is/text/url/index.html]
[weboas.is/faq/media/logo.svg]
[weboas.is/faq/oasis/index.html]
[weboas.is/faq/net/index.html]
[weboas.is/qr/static/css/bootstrap.min.css]
[weboas.is/qr/static/css/main.86c3c9ab.chunk.css]
[weboas.is/stocks/assets/vendor/font-awesome/fonts/fontawesome-webfont5b62.svg]
[weboas.is/convert/currency/assets/css/bootstrap.min.css]
[weboas.is/convert/currency/assets/css/bootstrap-select.min.css]
[weboas.is/convert/currency/assets/css/fontawesome.min.css]
[weboas.is/convert/currency/assets/css/style.css]
